// Jest Snapshot v1, https://goo.gl/fbAQLP

exports[`MainPage renders correctly 1`] = `
<div
  className="page page--gray page--main"
>
  <header
    className="header"
  >
    <div
      className="container"
    >
      <div
        className="header__wrapper"
      >
        <div
          className="header__left"
        >
          <a
            className="header__logo-link header__logo-link--active"
          >
            <img
              alt="6 cities logo"
              className="header__logo"
              height={41}
              src="img/logo.svg"
              width={81}
            />
          </a>
        </div>
        <nav
          className="header__nav"
        >
          <ul
            className="header__nav-list"
          >
            <li
              className="header__nav-item user"
            >
              <a
                className="header__nav-link header__nav-link--profile"
                href="#"
              >
                <div
                  className="header__avatar-wrapper user__avatar-wrapper"
                />
                <span
                  className="header__user-name user__name"
                >
                  Oliver.conner@gmail.com
                </span>
              </a>
            </li>
          </ul>
        </nav>
      </div>
    </div>
  </header>
  <main
    className="page__main page__main--index page__main--index-empty"
  >
    <h1
      className="visually-hidden"
    >
      Cities
    </h1>
    <MainTabs
      cities={
        Array [
          Object {
            "location": Object {
              "latitude": 52.37454,
              "longitude": 4.897976,
              "zoom": 13,
            },
            "name": "Amsterdam",
          },
          Object {
            "location": Object {
              "latitude": 50.846557,
              "longitude": 4.351697,
              "zoom": 13,
            },
            "name": "Brussels",
          },
          Object {
            "location": Object {
              "latitude": 50.938361,
              "longitude": 6.959974,
              "zoom": 13,
            },
            "name": "Cologne",
          },
          Object {
            "location": Object {
              "latitude": 48.85661,
              "longitude": 2.351499,
              "zoom": 13,
            },
            "name": "Paris",
          },
          Object {
            "location": Object {
              "latitude": 53.550341,
              "longitude": 10.000654,
              "zoom": 13,
            },
            "name": "Hamburg",
          },
          Object {
            "location": Object {
              "latitude": 51.225402,
              "longitude": 6.776314,
              "zoom": 13,
            },
            "name": "Dusseldorf",
          },
        ]
      }
      onSelectCityClick={[Function]}
      selectedCity={
        Object {
          "location": Object {
            "latitude": 52.37454,
            "longitude": 4.897976,
            "zoom": 13,
          },
          "name": "Amsterdam",
        }
      }
    />
    <div
      className="cities"
    >
      <div
        className="cities__places-container cities__places-container--empty container"
      >
        <section
          className="cities__no-places"
        >
          <div
            className="cities__status-wrapper tabs__content"
          >
            <b
              className="cities__status"
            >
              No places to stay available
            </b>
            <p
              className="cities__status-description"
            >
              We could not find any property availbale at the moment in 
              Amsterdam
            </p>
          </div>
        </section>
        <div
          className="cities__right-section"
        />
      </div>
    </div>
  </main>
</div>
`;
