// Jest Snapshot v1, https://goo.gl/fbAQLP

exports[`OffesSorter renders correctly 1`] = `
<form
  action="#"
  className="places__sorting"
  method="get"
>
  <span
    className="places__sorting-caption"
  >
    Sort by 
  </span>
  <span
    className="places__sorting-type"
    tabIndex="0"
  >
    Popular
    <svg
      className="places__sorting-arrow"
      data-testid="offers-sorter-arrow"
      height="4"
      onClick={[Function]}
      style={Object {}}
      width="7"
    >
      <use
        xlinkHref="#icon-arrow-select"
      />
    </svg>
  </span>
  <ul
    className="places__options places__options--custom "
    data-testid="offers-sorter-list"
  >
    <li
      className="places__option places__option--active"
      tabIndex="0"
    >
      Popular
    </li>
    <li
      className="places__option"
      tabIndex="0"
    >
      Price: low to high
    </li>
    <li
      className="places__option"
      tabIndex="0"
    >
      Price: high to low
    </li>
    <li
      className="places__option"
      tabIndex="0"
    >
      Top rated first
    </li>
  </ul>
</form>
`;
