// Jest Snapshot v1, https://goo.gl/fbAQLP

exports[`MainTabs rnders correctly 1`] = `
<div
  className="tabs"
>
  <section
    className="locations container"
  >
    <ul
      className="locations__list tabs__list"
    >
      <li
        className="locations__item"
        data-testid="city-0"
        key="Amsterdam"
        onClick={[Function]}
      >
        <a
          className="locations__item-link tabs__item tabs__item--active"
        >
          <span>
            Amsterdam
          </span>
        </a>
      </li>
      <li
        className="locations__item"
        data-testid="city-1"
        key="Brussels"
        onClick={[Function]}
      >
        <a
          className="locations__item-link tabs__item "
        >
          <span>
            Brussels
          </span>
        </a>
      </li>
      <li
        className="locations__item"
        data-testid="city-2"
        key="Cologne"
        onClick={[Function]}
      >
        <a
          className="locations__item-link tabs__item "
        >
          <span>
            Cologne
          </span>
        </a>
      </li>
      <li
        className="locations__item"
        data-testid="city-3"
        key="Paris"
        onClick={[Function]}
      >
        <a
          className="locations__item-link tabs__item "
        >
          <span>
            Paris
          </span>
        </a>
      </li>
      <li
        className="locations__item"
        data-testid="city-4"
        key="Hamburg"
        onClick={[Function]}
      >
        <a
          className="locations__item-link tabs__item "
        >
          <span>
            Hamburg
          </span>
        </a>
      </li>
      <li
        className="locations__item"
        data-testid="city-5"
        key="Dusseldorf"
        onClick={[Function]}
      >
        <a
          className="locations__item-link tabs__item "
        >
          <span>
            Dusseldorf
          </span>
        </a>
      </li>
    </ul>
  </section>
</div>
`;
