// Jest Snapshot v1, https://goo.gl/fbAQLP

exports[`OfferCard renders correctly 1`] = `[Function]`;
